============================= test session starts =============================
platform win32 -- Python 3.13.12, pytest-9.0.2, pluggy-1.6.0
rootdir: C:\Users\karup\projects\SOC-Copilot
configfile: pyproject.toml
plugins: anyio-4.12.0, cov-7.0.0
collected 0 items / 1 error

=================================== ERRORS ====================================
___________ ERROR collecting tests/unit/test_controller_sprint15.py ___________
ImportError while importing test module 'C:\Users\karup\projects\SOC-Copilot\tests\unit\test_controller_sprint15.py'.
Hint: make sure your test modules/packages have valid Python names.
Traceback:
C:\Program Files\WindowsApps\PythonSoftwareFoundation.Python.3.13_3.13.3312.0_x64__qbz5n2kfra8p0\Lib\importlib\__init__.py:88: in import_module
    return _bootstrap._gcd_import(name[level:], package, level)
           ^^^^^^^^^^^^^^^^^^^^^^^^^^^^^^^^^^^^^^^^^^^^^^^^^^^^
c:\Users\karup\projects\SOC Copilot\tests\unit\test_controller_sprint15.py:9: in <module>
    ???
E   ModuleNotFoundError: No module named 'soc_copilot'
=========================== short test summary info ===========================
ERROR tests/unit/test_controller_sprint15.py
!!!!!!!!!!!!!!!!!!! Interrupted: 1 error during collection !!!!!!!!!!!!!!!!!!!!
============================== 1 error in 0.23s ===============================
